C51 COMPILER V7.50   ASSIGNMENT_12                                                         10/12/2023 07:38:10 PAGE 1   


C51 COMPILER V7.50, COMPILATION OF MODULE ASSIGNMENT_12
OBJECT MODULE PLACED IN assignment 12.OBJ
COMPILER INVOKED BY: C:\Keil\C51\BIN\C51.EXE assignment 12.c BROWSE DEBUG OBJECTEXTEND

line level    source

   1          #include<reg51.h>
   2          sbit LED =P2^0;
   3          void delay();
   4           void main()
   5           {
   6   1         while(1)
   7   1         {
   8   2         LED=1;
   9   2         delay();
  10   2         LED =0;
  11   2         delay ();
  12   2         }
  13   1         }
  14             void delay ()
  15             {
  16   1          TMOD = 0x01;
  17   1              TH1  = 0XA5;
  18   1              TL1  = 0XFE;
  19   1          TR1=1;
  20   1              while(TF1==0);
  21   1              TR1=0;
  22   1              TF1=0;
  23   1              }


MODULE INFORMATION:   STATIC OVERLAYABLE
   CODE SIZE        =     31    ----
   CONSTANT SIZE    =   ----    ----
   XDATA SIZE       =   ----    ----
   PDATA SIZE       =   ----    ----
   DATA SIZE        =   ----    ----
   IDATA SIZE       =   ----    ----
   BIT SIZE         =   ----    ----
END OF MODULE INFORMATION.


C51 COMPILATION COMPLETE.  0 WARNING(S),  0 ERROR(S)
